[easyrocketstudio.com/index.html]
[backblue.gif]
[fade.gif]
[index.html]
[easyrocketstudio.com/img/favicon.ico]
[easyrocketstudio.com/stylesheets/normalize-min.css]
[easyrocketstudio.com/stylesheets/pace.css]
[easyrocketstudio.com/stylesheets/main.css]
[easyrocketstudio.com/img/bg-main.png]
[easyrocketstudio.com/img/loader-bg.png]
[easyrocketstudio.com/img/loader-cow.png]
[easyrocketstudio.com/ru.html]
[easyrocketstudio.com/img/asteroids-left.png]
[easyrocketstudio.com/img/asteroids-right.png]
[easyrocketstudio.com/img/stars2.svg]
[easyrocketstudio.com/img/stars3.svg]
[easyrocketstudio.com/img/logo-main.png]
[easyrocketstudio.com/img/planet-1.png]
[easyrocketstudio.com/img/moon.png]
[easyrocketstudio.com/img/coin.png]
[easyrocketstudio.com/img/popcorn.png]
[easyrocketstudio.com/img/dollars.png]
[easyrocketstudio.com/img/rocket-small.png]
[easyrocketstudio.com/img/world-series.png]
[easyrocketstudio.com/img/final-atlanta.png]
[easyrocketstudio.com/img/nba.png]
[easyrocketstudio.com/img/rocket-red.png]
[easyrocketstudio.com/img/bcs.png]
[easyrocketstudio.com/img/league-legends.png]
[easyrocketstudio.com/img/telescope.png]
[easyrocketstudio.com/img/graph.png]
[easyrocketstudio.com/img/ready.png]
[easyrocketstudio.com/img/paint-that-planet.png]
[easyrocketstudio.com/img/rocket-yellow.png]
[easyrocketstudio.com/img/fist.png]
[easyrocketstudio.com/img/valve.png]
[easyrocketstudio.com/img/wargaming.png]
[easyrocketstudio.com/img/module-1.png]
[easyrocketstudio.com/img/module-2.png]
[easyrocketstudio.com/img/module-3.png]
[easyrocketstudio.com/img/module-4.png]
[easyrocketstudio.com/img/module-5.png]
[easyrocketstudio.com/img/planet-2.png]
[www.google-analytics.com/analytics.js]
[easyrocketstudio.com/js/min/modernizr-2.0.6-min.js]
[easyrocketstudio.com/js/vendor/jquery-2.1.1.min.js]
[easyrocketstudio.com/js/min/austro-min.js]
[easyrocketstudio.com/js/bg-stars-pixi.js]
[easyrocketstudio.com/js/pixi.js]
[easyrocketstudio.com/js/min/magneto-min.js]
[easyrocketstudio.com/js/min/fss-min.js]
[easyrocketstudio.com/js/min/main-min.js]
[easyrocketstudio.com/index.html]
[easyrocketstudio.com/stylesheets/normalize-min.css]
[easyrocketstudio.com/stylesheets/pace.css]
[easyrocketstudio.com/stylesheets/main.css]
[easyrocketstudio.com/js/min/asteroids-min.js]
[easyrocketstudio.com/downloads/easyrocketstudio-en.pdf]
[easyrocketstudio.com/ru.html]
[easyrocketstudio.com/img/stars2.svg]
[easyrocketstudio.com/img/stars3.svg]
[easyrocketstudio.com/downloads/easyrocketstudio-ru.pdf]
